[gambolthemes.net/html-items/cursus_demo_f12/instructor_dashboard.html]
[backblue.gif]
[fade.gif]
[index.html]
[gambolthemes.net/html-items/cursus_demo_f12/images/fav.png]
[gambolthemes.net/html-items/cursus_demo_f12/index.html]
[gambolthemes.net/html-items/cursus_demo_f12/create_new_course.html]
[gambolthemes.net/html-items/cursus_demo_f12/shopping_cart.html]
[gambolthemes.net/html-items/cursus_demo_f12/images/left-imgs/img-6.jpg]
[gambolthemes.net/html-items/cursus_demo_f12/images/left-imgs/img-5.jpg]
[gambolthemes.net/html-items/cursus_demo_f12/images/left-imgs/img-8.jpg]
[gambolthemes.net/html-items/cursus_demo_f12/instructor_messages.html]
[gambolthemes.net/html-items/cursus_demo_f12/images/left-imgs/img-1.jpg]
[gambolthemes.net/html-items/cursus_demo_f12/images/left-imgs/img-2.jpg]
[gambolthemes.net/html-items/cursus_demo_f12/images/left-imgs/img-9.jpg]
[gambolthemes.net/html-items/cursus_demo_f12/instructor_notifications.html]
[gambolthemes.net/html-items/cursus_demo_f12/images/hd_dp.jpg]
[gambolthemes.net/html-items/cursus_demo_f12/my_instructor_profile_view.html]
[gambolthemes.net/html-items/cursus_demo_f12/membership.html]
[gambolthemes.net/html-items/cursus_demo_f12/setting.html]
[gambolthemes.net/html-items/cursus_demo_f12/help.html]
[gambolthemes.net/html-items/cursus_demo_f12/feedback.html]
[gambolthemes.net/html-items/cursus_demo_f12/sign_in.html]
[gambolthemes.net/html-items/cursus_demo_f12/instructor_courses.html]
[gambolthemes.net/html-items/cursus_demo_f12/instructor_analyics.html]
[gambolthemes.net/html-items/cursus_demo_f12/instructor_my_certificates.html]
[gambolthemes.net/html-items/cursus_demo_f12/instructor_all_reviews.html]
[gambolthemes.net/html-items/cursus_demo_f12/instructor_earning.html]
[gambolthemes.net/html-items/cursus_demo_f12/instructor_payout.html]
[gambolthemes.net/html-items/cursus_demo_f12/instructor_statements.html]
[gambolthemes.net/html-items/cursus_demo_f12/instructor_verification.html]
[gambolthemes.net/html-items/cursus_demo_f12/images/courses/img-1.jpg]
[gambolthemes.net/html-items/cursus_demo_f12/images/courses/img-2.jpg]
[gambolthemes.net/html-items/cursus_demo_f12/images/courses/img-3.jpg]
[gambolthemes.net/html-items/cursus_demo_f12/images/courses/news-1.jpg]
[gambolthemes.net/html-items/cursus_demo_f12/images/courses/news-2.jpg]
[gambolthemes.net/html-items/cursus_demo_f12/terms_of_use.html]
[gambolthemes.net/html-items/cursus_demo_f12/js/vertical-responsive-menu.min.js]
[gambolthemes.net/html-items/cursus_demo_f12/js/jquery-3.3.1.min.js]
[gambolthemes.net/html-items/cursus_demo_f12/vendor/bootstrap/js/bootstrap.bundle.min.js]
[gambolthemes.net/html-items/cursus_demo_f12/vendor/OwlCarousel/owl.carousel.js]
[gambolthemes.net/html-items/cursus_demo_f12/vendor/semantic/semantic.min.js]
[gambolthemes.net/html-items/cursus_demo_f12/js/custom1.js]
[gambolthemes.net/html-items/cursus_demo_f12/instructor_dashboard.html]
[gambolthemes.net/html-items/cursus_demo_f12/js/night-mode.js]
[gambolthemes.net/html-items/cursus_demo_f12/vendor/unicons-2.0.1/fonts/unicons-0.eot]
[gambolthemes.net/html-items/cursus_demo_f12/vendor/unicons-2.0.1/fonts/unicons-0.woff2]
[gambolthemes.net/html-items/cursus_demo_f12/vendor/unicons-2.0.1/fonts/unicons-0.woff]
[gambolthemes.net/html-items/cursus_demo_f12/vendor/unicons-2.0.1/fonts/unicons-0.ttf]
[gambolthemes.net/html-items/cursus_demo_f12/vendor/unicons-2.0.1/fonts/unicons-1.eot]
[gambolthemes.net/html-items/cursus_demo_f12/vendor/unicons-2.0.1/fonts/unicons-1.woff2]
[gambolthemes.net/html-items/cursus_demo_f12/vendor/unicons-2.0.1/fonts/unicons-1.woff]
[gambolthemes.net/html-items/cursus_demo_f12/vendor/unicons-2.0.1/fonts/unicons-1.ttf]
[gambolthemes.net/html-items/cursus_demo_f12/vendor/unicons-2.0.1/fonts/unicons-10.eot]
[gambolthemes.net/html-items/cursus_demo_f12/vendor/unicons-2.0.1/fonts/unicons-10.woff2]
[gambolthemes.net/html-items/cursus_demo_f12/vendor/unicons-2.0.1/fonts/unicons-10.woff]
[gambolthemes.net/html-items/cursus_demo_f12/vendor/unicons-2.0.1/fonts/unicons-10.ttf]
[gambolthemes.net/html-items/cursus_demo_f12/vendor/unicons-2.0.1/fonts/unicons-11.eot]
[gambolthemes.net/html-items/cursus_demo_f12/vendor/unicons-2.0.1/fonts/unicons-11.woff2]
[gambolthemes.net/html-items/cursus_demo_f12/vendor/unicons-2.0.1/fonts/unicons-11.woff]
[gambolthemes.net/html-items/cursus_demo_f12/vendor/unicons-2.0.1/fonts/unicons-11.ttf]
[gambolthemes.net/html-items/cursus_demo_f12/vendor/unicons-2.0.1/fonts/unicons-12.eot]
[gambolthemes.net/html-items/cursus_demo_f12/vendor/unicons-2.0.1/fonts/unicons-12.woff2]
[gambolthemes.net/html-items/cursus_demo_f12/vendor/unicons-2.0.1/fonts/unicons-12.woff]
[gambolthemes.net/html-items/cursus_demo_f12/vendor/unicons-2.0.1/fonts/unicons-12.ttf]
[gambolthemes.net/html-items/cursus_demo_f12/vendor/unicons-2.0.1/fonts/unicons-13.eot]
[gambolthemes.net/html-items/cursus_demo_f12/vendor/unicons-2.0.1/fonts/unicons-13.woff2]
[gambolthemes.net/html-items/cursus_demo_f12/vendor/unicons-2.0.1/fonts/unicons-13.woff]
[gambolthemes.net/html-items/cursus_demo_f12/vendor/unicons-2.0.1/fonts/unicons-13.ttf]
[gambolthemes.net/html-items/cursus_demo_f12/vendor/unicons-2.0.1/fonts/unicons-14.eot]
[gambolthemes.net/html-items/cursus_demo_f12/vendor/unicons-2.0.1/fonts/unicons-14.woff2]
[gambolthemes.net/html-items/cursus_demo_f12/vendor/unicons-2.0.1/fonts/unicons-14.woff]
[gambolthemes.net/html-items/cursus_demo_f12/vendor/unicons-2.0.1/fonts/unicons-14.ttf]
[gambolthemes.net/html-items/cursus_demo_f12/vendor/unicons-2.0.1/fonts/unicons-15.eot]
[gambolthemes.net/html-items/cursus_demo_f12/vendor/unicons-2.0.1/fonts/unicons-15.woff2]
[gambolthemes.net/html-items/cursus_demo_f12/vendor/unicons-2.0.1/fonts/unicons-15.woff]
[gambolthemes.net/html-items/cursus_demo_f12/vendor/unicons-2.0.1/fonts/unicons-15.ttf]
[gambolthemes.net/html-items/cursus_demo_f12/vendor/unicons-2.0.1/fonts/unicons-16.eot]
[gambolthemes.net/html-items/cursus_demo_f12/vendor/unicons-2.0.1/fonts/unicons-16.woff2]
[gambolthemes.net/html-items/cursus_demo_f12/vendor/unicons-2.0.1/fonts/unicons-16.woff]
[gambolthemes.net/html-items/cursus_demo_f12/vendor/unicons-2.0.1/fonts/unicons-16.ttf]
[gambolthemes.net/html-items/cursus_demo_f12/vendor/unicons-2.0.1/fonts/unicons-17.eot]
[gambolthemes.net/html-items/cursus_demo_f12/vendor/unicons-2.0.1/fonts/unicons-17.woff2]
[gambolthemes.net/html-items/cursus_demo_f12/vendor/unicons-2.0.1/fonts/unicons-17.woff]
[gambolthemes.net/html-items/cursus_demo_f12/vendor/unicons-2.0.1/fonts/unicons-17.ttf]
[gambolthemes.net/html-items/cursus_demo_f12/vendor/unicons-2.0.1/fonts/unicons-18.eot]
[gambolthemes.net/html-items/cursus_demo_f12/vendor/unicons-2.0.1/fonts/unicons-18.woff2]
[gambolthemes.net/html-items/cursus_demo_f12/vendor/unicons-2.0.1/fonts/unicons-18.woff]
[gambolthemes.net/html-items/cursus_demo_f12/vendor/unicons-2.0.1/fonts/unicons-18.ttf]
[gambolthemes.net/html-items/cursus_demo_f12/vendor/unicons-2.0.1/fonts/unicons-19.eot]
[gambolthemes.net/html-items/cursus_demo_f12/vendor/unicons-2.0.1/fonts/unicons-19.woff2]
[gambolthemes.net/html-items/cursus_demo_f12/vendor/unicons-2.0.1/fonts/unicons-19.woff]
[gambolthemes.net/html-items/cursus_demo_f12/vendor/unicons-2.0.1/fonts/unicons-19.ttf]
[gambolthemes.net/html-items/cursus_demo_f12/vendor/unicons-2.0.1/fonts/unicons-2.eot]
[gambolthemes.net/html-items/cursus_demo_f12/vendor/unicons-2.0.1/fonts/unicons-2.woff2]
[gambolthemes.net/html-items/cursus_demo_f12/vendor/unicons-2.0.1/fonts/unicons-2.woff]
[gambolthemes.net/html-items/cursus_demo_f12/vendor/unicons-2.0.1/fonts/unicons-2.ttf]
[gambolthemes.net/html-items/cursus_demo_f12/vendor/unicons-2.0.1/fonts/unicons-20.eot]
[gambolthemes.net/html-items/cursus_demo_f12/vendor/unicons-2.0.1/fonts/unicons-20.woff2]
[gambolthemes.net/html-items/cursus_demo_f12/vendor/unicons-2.0.1/fonts/unicons-20.woff]
[gambolthemes.net/html-items/cursus_demo_f12/vendor/unicons-2.0.1/fonts/unicons-20.ttf]
[gambolthemes.net/html-items/cursus_demo_f12/vendor/unicons-2.0.1/fonts/unicons-21.eot]
[gambolthemes.net/html-items/cursus_demo_f12/vendor/unicons-2.0.1/fonts/unicons-21.woff2]
[gambolthemes.net/html-items/cursus_demo_f12/vendor/unicons-2.0.1/fonts/unicons-21.woff]
[gambolthemes.net/html-items/cursus_demo_f12/vendor/unicons-2.0.1/fonts/unicons-21.ttf]
[gambolthemes.net/html-items/cursus_demo_f12/vendor/unicons-2.0.1/fonts/unicons-22.eot]
[gambolthemes.net/html-items/cursus_demo_f12/vendor/unicons-2.0.1/fonts/unicons-22.woff2]
[gambolthemes.net/html-items/cursus_demo_f12/vendor/unicons-2.0.1/fonts/unicons-22.woff]
[gambolthemes.net/html-items/cursus_demo_f12/vendor/unicons-2.0.1/fonts/unicons-22.ttf]
[gambolthemes.net/html-items/cursus_demo_f12/vendor/unicons-2.0.1/fonts/unicons-23.eot]
[gambolthemes.net/html-items/cursus_demo_f12/vendor/unicons-2.0.1/fonts/unicons-23.woff2]
[gambolthemes.net/html-items/cursus_demo_f12/vendor/unicons-2.0.1/fonts/unicons-23.woff]
[gambolthemes.net/html-items/cursus_demo_f12/vendor/unicons-2.0.1/fonts/unicons-23.ttf]
[gambolthemes.net/html-items/cursus_demo_f12/vendor/unicons-2.0.1/fonts/unicons-24.eot]
[gambolthemes.net/html-items/cursus_demo_f12/vendor/unicons-2.0.1/fonts/unicons-24.woff2]
[gambolthemes.net/html-items/cursus_demo_f12/vendor/unicons-2.0.1/fonts/unicons-24.woff]
[gambolthemes.net/html-items/cursus_demo_f12/vendor/unicons-2.0.1/fonts/unicons-24.ttf]
[gambolthemes.net/html-items/cursus_demo_f12/vendor/unicons-2.0.1/fonts/unicons-25.eot]
[gambolthemes.net/html-items/cursus_demo_f12/vendor/unicons-2.0.1/fonts/unicons-25.woff2]
[gambolthemes.net/html-items/cursus_demo_f12/vendor/unicons-2.0.1/fonts/unicons-25.woff]
[gambolthemes.net/html-items/cursus_demo_f12/vendor/unicons-2.0.1/fonts/unicons-25.ttf]
[gambolthemes.net/html-items/cursus_demo_f12/vendor/unicons-2.0.1/fonts/unicons-26.eot]
[gambolthemes.net/html-items/cursus_demo_f12/vendor/unicons-2.0.1/fonts/unicons-26.woff2]
[gambolthemes.net/html-items/cursus_demo_f12/vendor/unicons-2.0.1/fonts/unicons-26.woff]
[gambolthemes.net/html-items/cursus_demo_f12/vendor/unicons-2.0.1/fonts/unicons-26.ttf]
[gambolthemes.net/html-items/cursus_demo_f12/vendor/unicons-2.0.1/fonts/unicons-27.eot]
[gambolthemes.net/html-items/cursus_demo_f12/vendor/unicons-2.0.1/fonts/unicons-27.woff2]
[gambolthemes.net/html-items/cursus_demo_f12/vendor/unicons-2.0.1/fonts/unicons-27.woff]
[gambolthemes.net/html-items/cursus_demo_f12/vendor/unicons-2.0.1/fonts/unicons-27.ttf]
[gambolthemes.net/html-items/cursus_demo_f12/vendor/unicons-2.0.1/fonts/unicons-28.eot]
[gambolthemes.net/html-items/cursus_demo_f12/vendor/unicons-2.0.1/fonts/unicons-28.woff2]
[gambolthemes.net/html-items/cursus_demo_f12/vendor/unicons-2.0.1/fonts/unicons-28.woff]
[gambolthemes.net/html-items/cursus_demo_f12/vendor/unicons-2.0.1/fonts/unicons-28.ttf]
[gambolthemes.net/html-items/cursus_demo_f12/vendor/unicons-2.0.1/fonts/unicons-29.eot]
[gambolthemes.net/html-items/cursus_demo_f12/vendor/unicons-2.0.1/fonts/unicons-29.woff2]
[gambolthemes.net/html-items/cursus_demo_f12/vendor/unicons-2.0.1/fonts/unicons-29.woff]
[gambolthemes.net/html-items/cursus_demo_f12/vendor/unicons-2.0.1/fonts/unicons-29.ttf]
[gambolthemes.net/html-items/cursus_demo_f12/vendor/unicons-2.0.1/fonts/unicons-3.eot]
[gambolthemes.net/html-items/cursus_demo_f12/vendor/unicons-2.0.1/fonts/unicons-3.woff2]
[gambolthemes.net/html-items/cursus_demo_f12/vendor/unicons-2.0.1/fonts/unicons-3.woff]
[gambolthemes.net/html-items/cursus_demo_f12/vendor/unicons-2.0.1/fonts/unicons-3.ttf]
[gambolthemes.net/html-items/cursus_demo_f12/vendor/unicons-2.0.1/fonts/unicons-30.eot]
[gambolthemes.net/html-items/cursus_demo_f12/vendor/unicons-2.0.1/fonts/unicons-30.woff2]
[gambolthemes.net/html-items/cursus_demo_f12/vendor/unicons-2.0.1/fonts/unicons-30.woff]
[gambolthemes.net/html-items/cursus_demo_f12/vendor/unicons-2.0.1/fonts/unicons-30.ttf]
[gambolthemes.net/html-items/cursus_demo_f12/vendor/unicons-2.0.1/fonts/unicons-31.eot]
[gambolthemes.net/html-items/cursus_demo_f12/vendor/unicons-2.0.1/fonts/unicons-31.woff2]
[gambolthemes.net/html-items/cursus_demo_f12/vendor/unicons-2.0.1/fonts/unicons-31.woff]
[gambolthemes.net/html-items/cursus_demo_f12/vendor/unicons-2.0.1/fonts/unicons-31.ttf]
[gambolthemes.net/html-items/cursus_demo_f12/vendor/unicons-2.0.1/fonts/unicons-32.eot]
[gambolthemes.net/html-items/cursus_demo_f12/vendor/unicons-2.0.1/fonts/unicons-32.woff2]
[gambolthemes.net/html-items/cursus_demo_f12/vendor/unicons-2.0.1/fonts/unicons-32.woff]
[gambolthemes.net/html-items/cursus_demo_f12/vendor/unicons-2.0.1/fonts/unicons-32.ttf]
[gambolthemes.net/html-items/cursus_demo_f12/vendor/unicons-2.0.1/fonts/unicons-33.eot]
[gambolthemes.net/html-items/cursus_demo_f12/vendor/unicons-2.0.1/fonts/unicons-33.woff2]
[gambolthemes.net/html-items/cursus_demo_f12/vendor/unicons-2.0.1/fonts/unicons-33.woff]
[gambolthemes.net/html-items/cursus_demo_f12/vendor/unicons-2.0.1/fonts/unicons-33.ttf]
[gambolthemes.net/html-items/cursus_demo_f12/vendor/unicons-2.0.1/fonts/unicons-34.eot]
[gambolthemes.net/html-items/cursus_demo_f12/vendor/unicons-2.0.1/fonts/unicons-34.woff2]
[gambolthemes.net/html-items/cursus_demo_f12/vendor/unicons-2.0.1/fonts/unicons-34.woff]
[gambolthemes.net/html-items/cursus_demo_f12/vendor/unicons-2.0.1/fonts/unicons-34.ttf]
[gambolthemes.net/html-items/cursus_demo_f12/vendor/unicons-2.0.1/fonts/unicons-35.eot]
[gambolthemes.net/html-items/cursus_demo_f12/vendor/unicons-2.0.1/fonts/unicons-35.woff2]
[gambolthemes.net/html-items/cursus_demo_f12/vendor/unicons-2.0.1/fonts/unicons-35.woff]
[gambolthemes.net/html-items/cursus_demo_f12/vendor/unicons-2.0.1/fonts/unicons-35.ttf]
[gambolthemes.net/html-items/cursus_demo_f12/vendor/unicons-2.0.1/fonts/unicons-36.eot]
[gambolthemes.net/html-items/cursus_demo_f12/vendor/unicons-2.0.1/fonts/unicons-36.woff2]
[gambolthemes.net/html-items/cursus_demo_f12/vendor/unicons-2.0.1/fonts/unicons-36.woff]
[gambolthemes.net/html-items/cursus_demo_f12/vendor/unicons-2.0.1/fonts/unicons-36.ttf]
[gambolthemes.net/html-items/cursus_demo_f12/vendor/unicons-2.0.1/fonts/unicons-37.eot]
[gambolthemes.net/html-items/cursus_demo_f12/vendor/unicons-2.0.1/fonts/unicons-37.woff2]
[gambolthemes.net/html-items/cursus_demo_f12/vendor/unicons-2.0.1/fonts/unicons-37.woff]
[gambolthemes.net/html-items/cursus_demo_f12/vendor/unicons-2.0.1/fonts/unicons-37.ttf]
[gambolthemes.net/html-items/cursus_demo_f12/vendor/unicons-2.0.1/fonts/unicons-4.eot]
[gambolthemes.net/html-items/cursus_demo_f12/vendor/unicons-2.0.1/fonts/unicons-4.woff2]
[gambolthemes.net/html-items/cursus_demo_f12/vendor/unicons-2.0.1/fonts/unicons-4.woff]
[gambolthemes.net/html-items/cursus_demo_f12/vendor/unicons-2.0.1/fonts/unicons-4.ttf]
[gambolthemes.net/html-items/cursus_demo_f12/vendor/unicons-2.0.1/fonts/unicons-5.eot]
[gambolthemes.net/html-items/cursus_demo_f12/vendor/unicons-2.0.1/fonts/unicons-5.woff2]
[gambolthemes.net/html-items/cursus_demo_f12/vendor/unicons-2.0.1/fonts/unicons-5.woff]
[gambolthemes.net/html-items/cursus_demo_f12/vendor/unicons-2.0.1/fonts/unicons-5.ttf]
[gambolthemes.net/html-items/cursus_demo_f12/vendor/unicons-2.0.1/fonts/unicons-6.eot]
[gambolthemes.net/html-items/cursus_demo_f12/vendor/unicons-2.0.1/fonts/unicons-6.woff2]
[gambolthemes.net/html-items/cursus_demo_f12/vendor/unicons-2.0.1/fonts/unicons-6.woff]
[gambolthemes.net/html-items/cursus_demo_f12/vendor/unicons-2.0.1/fonts/unicons-6.ttf]
[gambolthemes.net/html-items/cursus_demo_f12/vendor/unicons-2.0.1/fonts/unicons-7.eot]
[gambolthemes.net/html-items/cursus_demo_f12/vendor/unicons-2.0.1/fonts/unicons-7.woff2]
[gambolthemes.net/html-items/cursus_demo_f12/vendor/unicons-2.0.1/fonts/unicons-7.woff]
[gambolthemes.net/html-items/cursus_demo_f12/vendor/unicons-2.0.1/fonts/unicons-7.ttf]
[gambolthemes.net/html-items/cursus_demo_f12/vendor/unicons-2.0.1/fonts/unicons-8.eot]
[gambolthemes.net/html-items/cursus_demo_f12/vendor/unicons-2.0.1/fonts/unicons-8.woff2]
[gambolthemes.net/html-items/cursus_demo_f12/vendor/unicons-2.0.1/fonts/unicons-8.woff]
[gambolthemes.net/html-items/cursus_demo_f12/vendor/unicons-2.0.1/fonts/unicons-8.ttf]
[gambolthemes.net/html-items/cursus_demo_f12/vendor/unicons-2.0.1/fonts/unicons-9.eot]
[gambolthemes.net/html-items/cursus_demo_f12/vendor/unicons-2.0.1/fonts/unicons-9.woff2]
[gambolthemes.net/html-items/cursus_demo_f12/vendor/unicons-2.0.1/fonts/unicons-9.woff]
[gambolthemes.net/html-items/cursus_demo_f12/vendor/unicons-2.0.1/fonts/unicons-9.ttf]
[gambolthemes.net/html-items/cursus_demo_f12/vendor/unicons-2.0.1/css/unicons.css]
[gambolthemes.net/html-items/cursus_demo_f12/css/vertical-responsive-menu1.min.css]
[gambolthemes.net/html-items/cursus_demo_f12/css/instructor-dashboard.css]
[gambolthemes.net/html-items/cursus_demo_f12/css/instructor-responsive.css]
[gambolthemes.net/html-items/cursus_demo_f12/css/night-mode.css]
[gambolthemes.net/html-items/cursus_demo_f12/vendor/fontawesome-free/webfonts/fa-brands-400.eot]
[gambolthemes.net/html-items/cursus_demo_f12/vendor/fontawesome-free/webfonts/fa-brands-400.woff2]
[gambolthemes.net/html-items/cursus_demo_f12/vendor/fontawesome-free/webfonts/fa-brands-400d41d.eot]
[gambolthemes.net/html-items/cursus_demo_f12/vendor/fontawesome-free/webfonts/fa-brands-400.woff]
[gambolthemes.net/html-items/cursus_demo_f12/vendor/fontawesome-free/webfonts/fa-brands-400.ttf]
[gambolthemes.net/html-items/cursus_demo_f12/vendor/fontawesome-free/webfonts/fa-regular-400.eot]
[gambolthemes.net/html-items/cursus_demo_f12/vendor/fontawesome-free/webfonts/fa-regular-400d41d.eot]
[gambolthemes.net/html-items/cursus_demo_f12/vendor/fontawesome-free/webfonts/fa-regular-400.woff2]
[gambolthemes.net/html-items/cursus_demo_f12/vendor/fontawesome-free/webfonts/fa-regular-400.woff]
[gambolthemes.net/html-items/cursus_demo_f12/vendor/fontawesome-free/webfonts/fa-regular-400.ttf]
[gambolthemes.net/html-items/cursus_demo_f12/vendor/fontawesome-free/webfonts/fa-solid-900.eot]
[gambolthemes.net/html-items/cursus_demo_f12/vendor/fontawesome-free/webfonts/fa-solid-900.woff2]
[gambolthemes.net/html-items/cursus_demo_f12/vendor/fontawesome-free/webfonts/fa-solid-900d41d.eot]
[gambolthemes.net/html-items/cursus_demo_f12/vendor/fontawesome-free/webfonts/fa-solid-900.woff]
[gambolthemes.net/html-items/cursus_demo_f12/vendor/fontawesome-free/webfonts/fa-solid-900.ttf]
[gambolthemes.net/html-items/cursus_demo_f12/vendor/fontawesome-free/css/all.min.css]
[gambolthemes.net/html-items/cursus_demo_f12/vendor/OwlCarousel/assets/owl.video.play.png]
[gambolthemes.net/html-items/cursus_demo_f12/vendor/OwlCarousel/assets/owl.carousel.css]
[gambolthemes.net/html-items/cursus_demo_f12/vendor/OwlCarousel/assets/owl.theme.default.min.css]
[gambolthemes.net/html-items/cursus_demo_f12/vendor/bootstrap/css/bootstrap.min.css]
[gambolthemes.net/html-items/cursus_demo_f12/vendor/semantic/themes/default/assets/images/flags.png]
[gambolthemes.net/html-items/cursus_demo_f12/vendor/semantic/themes/default/assets/fonts/icons.eot]
[gambolthemes.net/html-items/cursus_demo_f12/vendor/semantic/themes/default/assets/fonts/icons.woff2]
[gambolthemes.net/html-items/cursus_demo_f12/vendor/semantic/themes/default/assets/fonts/icons.woff]
[gambolthemes.net/html-items/cursus_demo_f12/vendor/semantic/themes/default/assets/fonts/icons.ttf]
[gambolthemes.net/html-items/cursus_demo_f12/vendor/semantic/themes/default/assets/fonts/iconsd41d.eot]
[gambolthemes.net/html-items/cursus_demo_f12/vendor/semantic/themes/default/assets/fonts/outline-icons.eot]
[gambolthemes.net/html-items/cursus_demo_f12/vendor/semantic/themes/default/assets/fonts/outline-icons.woff2]
[gambolthemes.net/html-items/cursus_demo_f12/vendor/semantic/themes/default/assets/fonts/outline-icons.woff]
[gambolthemes.net/html-items/cursus_demo_f12/vendor/semantic/themes/default/assets/fonts/outline-icons.ttf]
[gambolthemes.net/html-items/cursus_demo_f12/vendor/semantic/themes/default/assets/fonts/brand-icons.eot]
[gambolthemes.net/html-items/cursus_demo_f12/vendor/semantic/themes/default/assets/fonts/outline-iconsd41d.eot]
[gambolthemes.net/html-items/cursus_demo_f12/vendor/semantic/themes/default/assets/fonts/brand-iconsd41d.eot]
[gambolthemes.net/html-items/cursus_demo_f12/vendor/semantic/themes/default/assets/fonts/brand-icons.woff2]
[gambolthemes.net/html-items/cursus_demo_f12/vendor/semantic/themes/default/assets/fonts/brand-icons.woff]
[gambolthemes.net/html-items/cursus_demo_f12/vendor/semantic/themes/default/assets/fonts/brand-icons.ttf]
[gambolthemes.net/html-items/cursus_demo_f12/vendor/semantic/semantic.min.css]
[gambolthemes.net/html-items/cursus_demo_f12/live_streams.html]
[gambolthemes.net/html-items/cursus_demo_f12/explore.html]
[gambolthemes.net/html-items/cursus_demo_f12/certification_center.html]
[gambolthemes.net/html-items/cursus_demo_f12/certification_start_form.html]
[gambolthemes.net/html-items/cursus_demo_f12/certification_test_view.html]
[gambolthemes.net/html-items/cursus_demo_f12/certification_test__result.html]
[gambolthemes.net/html-items/cursus_demo_f12/saved_courses.html]
[gambolthemes.net/html-items/cursus_demo_f12/sign_up.html]
[gambolthemes.net/html-items/cursus_demo_f12/sign_up_steps.html]
[gambolthemes.net/html-items/cursus_demo_f12/about_us.html]
[gambolthemes.net/html-items/cursus_demo_f12/course_detail_view.html]
[gambolthemes.net/html-items/cursus_demo_f12/checkout_membership.html]
[gambolthemes.net/html-items/cursus_demo_f12/invoice.html]
[gambolthemes.net/html-items/cursus_demo_f12/career.html]
[gambolthemes.net/html-items/cursus_demo_f12/apply_job.html]
[gambolthemes.net/html-items/cursus_demo_f12/our_blog.html]
[gambolthemes.net/html-items/cursus_demo_f12/blog_single_view.html]
[gambolthemes.net/html-items/cursus_demo_f12/company_details.html]
[gambolthemes.net/html-items/cursus_demo_f12/press.html]
[gambolthemes.net/html-items/cursus_demo_f12/live_output.html]
[gambolthemes.net/html-items/cursus_demo_f12/add_streaming.html]
[gambolthemes.net/html-items/cursus_demo_f12/search_result.html]
[gambolthemes.net/html-items/cursus_demo_f12/thank_you.html]
[gambolthemes.net/html-items/cursus_demo_f12/coming_soon.html]
[gambolthemes.net/html-items/cursus_demo_f12/error_404.html]
[gambolthemes.net/html-items/cursus_demo_f12/instructor_profile_view.html]
[gambolthemes.net/html-items/cursus_demo_f12/all_instructor.html]
[gambolthemes.net/html-items/cursus_demo_f12/report_history.html]
[gambolthemes.net/html-items/cursus_demo_f12/contact_us.html]
[gambolthemes.net/html-items/cursus_demo_f12/images/left-imgs/img-3.jpg]
[gambolthemes.net/html-items/cursus_demo_f12/images/left-imgs/img-4.jpg]
[gambolthemes.net/html-items/cursus_demo_f12/images/left-imgs/img-7.jpg]
[gambolthemes.net/html-items/cursus_demo_f12/images/courses/img-4.jpg]
[gambolthemes.net/html-items/cursus_demo_f12/images/courses/img-5.jpg]
[gambolthemes.net/html-items/cursus_demo_f12/images/courses/img-6.jpg]
[gambolthemes.net/html-items/cursus_demo_f12/images/courses/img-7.jpg]
[gambolthemes.net/html-items/cursus_demo_f12/images/courses/img-8.jpg]
[gambolthemes.net/html-items/cursus_demo_f12/images/courses/img-14.jpg]
[gambolthemes.net/html-items/cursus_demo_f12/images/courses/img-11.jpg]
[gambolthemes.net/html-items/cursus_demo_f12/images/courses/img-18.jpg]
[gambolthemes.net/html-items/cursus_demo_f12/images/courses/img-19.jpg]
[gambolthemes.net/html-items/cursus_demo_f12/images/courses/img-12.jpg]
[gambolthemes.net/html-items/cursus_demo_f12/images/courses/img-13.jpg]
[gambolthemes.net/html-items/cursus_demo_f12/images/courses/img-20.jpg]
[gambolthemes.net/html-items/cursus_demo_f12/images/courses/img-16.jpg]
[gambolthemes.net/html-items/cursus_demo_f12/images/left-imgs/img-10.jpg]
[gambolthemes.net/html-items/cursus_demo_f12/sitemap.html]
[gambolthemes.net/html-items/cursus_demo_f12/index.html]
[gambolthemes.net/html-items/cursus_demo_f12/images/logo.svg]
[gambolthemes.net/html-items/cursus_demo_f12/images/ct_logo.svg]
[gambolthemes.net/html-items/cursus_demo_f12/js/custom.js]
[gambolthemes.net/html-items/cursus_demo_f12/images/courses/add_img.jpg]
[gambolthemes.net/html-items/cursus_demo_f12/images/courses/add_video.jpg]
[gambolthemes.net/html-items/cursus_demo_f12/js/jquery-steps.min.js]
[gambolthemes.net/html-items/cursus_demo_f12/create_new_course.html]
[gambolthemes.net/html-items/cursus_demo_f12/shopping_cart.html]
[gambolthemes.net/html-items/cursus_demo_f12/instructor_messages.html]
[gambolthemes.net/html-items/cursus_demo_f12/instructor_notifications.html]
[gambolthemes.net/html-items/cursus_demo_f12/my_instructor_profile_view.html]
[gambolthemes.net/html-items/cursus_demo_f12/js/jquery.mCustomScrollbar.js]
[gambolthemes.net/html-items/cursus_demo_f12/membership.html]
[gambolthemes.net/html-items/cursus_demo_f12/setting.html]
[gambolthemes.net/html-items/cursus_demo_f12/help.html]
[gambolthemes.net/html-items/cursus_demo_f12/feedback.html]
[gambolthemes.net/html-items/cursus_demo_f12/forgot_password.html]
[gambolthemes.net/html-items/cursus_demo_f12/sign_in.html]
[gambolthemes.net/html-items/cursus_demo_f12/images/sign_logo.png]
[gambolthemes.net/html-items/cursus_demo_f12/js/datepicker.min.js]
[gambolthemes.net/html-items/cursus_demo_f12/instructor_courses.html]
[gambolthemes.net/html-items/cursus_demo_f12/js/i18n/datepicker.en.js]
[gambolthemes.net/html-items/cursus_demo_f12/vendor/charts/Chart.min.js]
[gambolthemes.net/html-items/cursus_demo_f12/js/chart.js]
[gambolthemes.net/html-items/cursus_demo_f12/instructor_analyics.html]
[gambolthemes.net/html-items/cursus_demo_f12/instructor_my_certificates.html]
[gambolthemes.net/html-items/cursus_demo_f12/instructor_all_reviews.html]
[gambolthemes.net/html-items/cursus_demo_f12/instructor_earning.html]
[gambolthemes.net/html-items/cursus_demo_f12/instructor_payout.html]
[gambolthemes.net/html-items/cursus_demo_f12/instructor_statements.html]
[gambolthemes.net/html-items/cursus_demo_f12/instructor_verification.html]
[gambolthemes.net/html-items/cursus_demo_f12/images/dashboard/achievement.svg]
[gambolthemes.net/html-items/cursus_demo_f12/images/dashboard/graduation-cap.svg]
[gambolthemes.net/html-items/cursus_demo_f12/images/dashboard/online-course.svg]
[gambolthemes.net/html-items/cursus_demo_f12/images/dashboard/knowledge.svg]
[gambolthemes.net/html-items/cursus_demo_f12/terms_of_use.html]
[gambolthemes.net/html-items/cursus_demo_f12/images/logo1.svg]
[gambolthemes.net/html-items/cursus_demo_f12/vendor/unicons-2.0.1/fonts/unicons-0.svg]
[gambolthemes.net/html-items/cursus_demo_f12/vendor/unicons-2.0.1/fonts/unicons-1.svg]
[gambolthemes.net/html-items/cursus_demo_f12/vendor/unicons-2.0.1/fonts/unicons-10.svg]
[gambolthemes.net/html-items/cursus_demo_f12/vendor/unicons-2.0.1/fonts/unicons-11.svg]
[gambolthemes.net/html-items/cursus_demo_f12/vendor/unicons-2.0.1/fonts/unicons-12.svg]
[gambolthemes.net/html-items/cursus_demo_f12/vendor/unicons-2.0.1/fonts/unicons-13.svg]
[gambolthemes.net/html-items/cursus_demo_f12/vendor/unicons-2.0.1/fonts/unicons-14.svg]
[gambolthemes.net/html-items/cursus_demo_f12/vendor/unicons-2.0.1/fonts/unicons-15.svg]
[gambolthemes.net/html-items/cursus_demo_f12/vendor/unicons-2.0.1/fonts/unicons-16.svg]
[gambolthemes.net/html-items/cursus_demo_f12/vendor/unicons-2.0.1/fonts/unicons-17.svg]
[gambolthemes.net/html-items/cursus_demo_f12/vendor/unicons-2.0.1/fonts/unicons-18.svg]
[gambolthemes.net/html-items/cursus_demo_f12/vendor/unicons-2.0.1/fonts/unicons-19.svg]
[gambolthemes.net/html-items/cursus_demo_f12/vendor/unicons-2.0.1/fonts/unicons-2.svg]
[gambolthemes.net/html-items/cursus_demo_f12/vendor/unicons-2.0.1/fonts/unicons-20.svg]
[gambolthemes.net/html-items/cursus_demo_f12/vendor/unicons-2.0.1/fonts/unicons-21.svg]
[gambolthemes.net/html-items/cursus_demo_f12/vendor/unicons-2.0.1/fonts/unicons-22.svg]
[gambolthemes.net/html-items/cursus_demo_f12/vendor/unicons-2.0.1/fonts/unicons-23.svg]
[gambolthemes.net/html-items/cursus_demo_f12/vendor/unicons-2.0.1/fonts/unicons-24.svg]
[gambolthemes.net/html-items/cursus_demo_f12/vendor/unicons-2.0.1/fonts/unicons-25.svg]
[gambolthemes.net/html-items/cursus_demo_f12/vendor/unicons-2.0.1/fonts/unicons-26.svg]
[gambolthemes.net/html-items/cursus_demo_f12/vendor/unicons-2.0.1/fonts/unicons-27.svg]
[gambolthemes.net/html-items/cursus_demo_f12/vendor/unicons-2.0.1/fonts/unicons-28.svg]
[gambolthemes.net/html-items/cursus_demo_f12/vendor/unicons-2.0.1/fonts/unicons-29.svg]
[gambolthemes.net/html-items/cursus_demo_f12/vendor/unicons-2.0.1/fonts/unicons-3.svg]
[gambolthemes.net/html-items/cursus_demo_f12/vendor/unicons-2.0.1/fonts/unicons-30.svg]
[gambolthemes.net/html-items/cursus_demo_f12/vendor/unicons-2.0.1/fonts/unicons-31.svg]
[gambolthemes.net/html-items/cursus_demo_f12/vendor/unicons-2.0.1/fonts/unicons-32.svg]
[gambolthemes.net/html-items/cursus_demo_f12/vendor/unicons-2.0.1/fonts/unicons-33.svg]
[gambolthemes.net/html-items/cursus_demo_f12/vendor/unicons-2.0.1/fonts/unicons-34.svg]
[gambolthemes.net/html-items/cursus_demo_f12/vendor/unicons-2.0.1/fonts/unicons-35.svg]
[gambolthemes.net/html-items/cursus_demo_f12/vendor/unicons-2.0.1/fonts/unicons-36.svg]
[gambolthemes.net/html-items/cursus_demo_f12/vendor/unicons-2.0.1/fonts/unicons-37.svg]
[gambolthemes.net/html-items/cursus_demo_f12/vendor/unicons-2.0.1/fonts/unicons-4.svg]
[gambolthemes.net/html-items/cursus_demo_f12/vendor/unicons-2.0.1/fonts/unicons-5.svg]
[gambolthemes.net/html-items/cursus_demo_f12/vendor/unicons-2.0.1/fonts/unicons-6.svg]
[gambolthemes.net/html-items/cursus_demo_f12/vendor/unicons-2.0.1/fonts/unicons-7.svg]
[gambolthemes.net/html-items/cursus_demo_f12/vendor/unicons-2.0.1/fonts/unicons-8.svg]
[gambolthemes.net/html-items/cursus_demo_f12/vendor/unicons-2.0.1/fonts/unicons-9.svg]
[gambolthemes.net/html-items/cursus_demo_f12/vendor/fontawesome-free/webfonts/fa-brands-400.svg]
[gambolthemes.net/html-items/cursus_demo_f12/vendor/fontawesome-free/webfonts/fa-regular-400.svg]
[gambolthemes.net/html-items/cursus_demo_f12/vendor/fontawesome-free/webfonts/fa-solid-900.svg]
[gambolthemes.net/html-items/cursus_demo_f12/vendor/semantic/themes/default/assets/fonts/icons.svg]
[gambolthemes.net/html-items/cursus_demo_f12/vendor/semantic/themes/default/assets/fonts/outline-icons.svg]
[gambolthemes.net/html-items/cursus_demo_f12/vendor/semantic/themes/default/assets/fonts/brand-icons.svg]
[gambolthemes.net/html-items/cursus_demo_f12/css/vertical-responsive-menu.min.css]
[gambolthemes.net/html-items/cursus_demo_f12/vendor/semantic/themes/default/assets/fonts/outline-iconsd41d.eot]
[gambolthemes.net/html-items/cursus_demo_f12/images/get-img.jpg]
[gambolthemes.net/html-items/cursus_demo_f12/images/about/title_bg.jpg]
[gambolthemes.net/html-items/cursus_demo_f12/images/cerificate_center/center_bg.jpg]
[gambolthemes.net/html-items/cursus_demo_f12/css/style.css]
[gambolthemes.net/html-items/cursus_demo_f12/css/responsive.css]
[gambolthemes.net/html-items/cursus_demo_f12/images/left-imgs/img-11.jpg]
[gambolthemes.net/html-items/cursus_demo_f12/images/left-imgs/img-12.jpg]
[gambolthemes.net/html-items/cursus_demo_f12/images/left-imgs/img-13.jpg]
[gambolthemes.net/html-items/cursus_demo_f12/images/left-imgs/img-14.jpg]
[gambolthemes.net/html-items/cursus_demo_f12/images/left-imgs/img-15.jpg]
[gambolthemes.net/html-items/cursus_demo_f12/images/left-imgs/img-16.jpg]
[gambolthemes.net/html-items/cursus_demo_f12/live_streams.html]
[gambolthemes.net/html-items/cursus_demo_f12/explore.html]
[gambolthemes.net/html-items/cursus_demo_f12/images/left-imgs/img-17.jpg]
[gambolthemes.net/html-items/cursus_demo_f12/certification_center.html]
[gambolthemes.net/html-items/cursus_demo_f12/certification_start_form.html]
[gambolthemes.net/html-items/cursus_demo_f12/certification_test_view.html]
[gambolthemes.net/html-items/cursus_demo_f12/certification_test__result.html]
[gambolthemes.net/html-items/cursus_demo_f12/saved_courses.html]
[gambolthemes.net/html-items/cursus_demo_f12/js/test-timer.js]
[gambolthemes.net/html-items/cursus_demo_f12/images/about/stroy_img.png]
[gambolthemes.net/html-items/cursus_demo_f12/images/about/team.jpg]
[gambolthemes.net/html-items/cursus_demo_f12/about_us.html]
[gambolthemes.net/html-items/cursus_demo_f12/sign_up.html]
[gambolthemes.net/html-items/cursus_demo_f12/sign_up_steps.html]
[gambolthemes.net/html-items/cursus_demo_f12/course_detail_view.html]
[gambolthemes.net/html-items/cursus_demo_f12/checkout_membership.html]
[gambolthemes.net/html-items/cursus_demo_f12/invoice.html]
[gambolthemes.net/html-items/cursus_demo_f12/images/about/career-1.jpg]
[gambolthemes.net/html-items/cursus_demo_f12/images/about/career-2.jpg]
[gambolthemes.net/html-items/cursus_demo_f12/images/about/career-3.jpg]
[gambolthemes.net/html-items/cursus_demo_f12/career.html]
[gambolthemes.net/html-items/cursus_demo_f12/apply_job.html]
[gambolthemes.net/html-items/cursus_demo_f12/images/about/career-4.jpg]
[gambolthemes.net/html-items/cursus_demo_f12/images/blog/img-1.jpg]
[gambolthemes.net/html-items/cursus_demo_f12/images/blog/img-2.jpg]
[gambolthemes.net/html-items/cursus_demo_f12/images/blog/img-3.jpg]
[gambolthemes.net/html-items/cursus_demo_f12/images/blog/img-4.jpg]
[gambolthemes.net/html-items/cursus_demo_f12/our_blog.html]
[gambolthemes.net/html-items/cursus_demo_f12/blog_single_view.html]
[gambolthemes.net/html-items/cursus_demo_f12/images/blog/big_blog.jpg]
[gambolthemes.net/html-items/cursus_demo_f12/images/about/company.jpg]
[gambolthemes.net/html-items/cursus_demo_f12/images/about/company-1.jpg]
[gambolthemes.net/html-items/cursus_demo_f12/images/about/company-2.jpg]
[gambolthemes.net/html-items/cursus_demo_f12/images/about/company-3.jpg]
[gambolthemes.net/html-items/cursus_demo_f12/company_details.html]
[gambolthemes.net/html-items/cursus_demo_f12/press.html]
[gambolthemes.net/html-items/cursus_demo_f12/live_output.html]
[gambolthemes.net/html-items/cursus_demo_f12/add_streaming.html]
[gambolthemes.net/html-items/cursus_demo_f12/search_result.html]
[gambolthemes.net/html-items/cursus_demo_f12/thank_you.html]
[gambolthemes.net/html-items/cursus_demo_f12/js/timer.js]
[gambolthemes.net/html-items/cursus_demo_f12/coming_soon.html]
[gambolthemes.net/html-items/cursus_demo_f12/error_404.html]
[gambolthemes.net/html-items/cursus_demo_f12/instructor_profile_view.html]
[gambolthemes.net/html-items/cursus_demo_f12/all_instructor.html]
[gambolthemes.net/html-items/cursus_demo_f12/report_history.html]
[gambolthemes.net/html-items/cursus_demo_f12/contact_us.html]
[gambolthemes.net/html-items/cursus_demo_f12/sitemap.html]
[gambolthemes.net/html-items/cursus_demo_f12/css/jquery-steps.css]
[gambolthemes.net/html-items/cursus_demo_f12/images/line.svg]
[www.gambolthemes.net/html-items/cursus_demo_f12/css/mCSB_buttons.18a.delayed]
[gambolthemes.net/html-items/cursus_demo_f12/css/jquery.mCustomScrollbar.min.css]
[gambolthemes.net/html-items/cursus_demo_f12/images/membership/icon-1.svg]
[gambolthemes.net/html-items/cursus_demo_f12/images/membership/icon-2.svg]
[gambolthemes.net/html-items/cursus_demo_f12/forgot_password.html]
[gambolthemes.net/html-items/cursus_demo_f12/css/datepicker.min.css]
[gambolthemes.net/html-items/cursus_demo_f12/images/dashboard/promotion.svg]
[gambolthemes.net/html-items/cursus_demo_f12/images/payoneer.svg]
[gambolthemes.net/html-items/cursus_demo_f12/images/verified-account.svg]
[gambolthemes.net/html-items/cursus_demo_f12/images/sign.svg]
[gambolthemes.net/html-items/cursus_demo_f12/images/cerificate_center/plus.svg]
[gambolthemes.net/html-items/cursus_demo_f12/images/cerificate_center/certicon.svg]
[gambolthemes.net/html-items/cursus_demo_f12/images/cerificate_center/student.svg]
[gambolthemes.net/html-items/cursus_demo_f12/images/cerificate_center/instructor.svg]
[gambolthemes.net/html-items/cursus_demo_f12/images/membership/pyicon-1.svg]
[gambolthemes.net/html-items/cursus_demo_f12/images/membership/pyicon-2.svg]
[gambolthemes.net/html-items/cursus_demo_f12/images/membership/pyicon-3.svg]
[gambolthemes.net/html-items/cursus_demo_f12/images/membership/pyicon-4.svg]
[gambolthemes.net/html-items/cursus_demo_f12/images/membership/pyicon-5.svg]
[gambolthemes.net/html-items/cursus_demo_f12/images/help_icon.svg]
[gambolthemes.net/html-items/cursus_demo_f12/images/blog_icon.svg]
[gambolthemes.net/html-items/cursus_demo_f12/images/career_icon.svg]
[gambolthemes.net/html-items/cursus_demo_f12/images/developer_icon.svg]
[www.gambolthemes.net/html-items/cursus_demo_f12/css/mCSB_buttons.html]
